// Vitest Snapshot v1, https://vitest.dev/guide/snapshot.html

exports[`user/mutation/updateUser > should fail if user does not exist 1`] = `[Error: User not found]`;
